Performing C++ SOURCE FILE Test HAVE_CXX_FLAG_WSHORTEN_64_TO_32 failed with the following output:
Change Dir: /home/flareon/workshop/ddsim/staticDebug/CMakeFiles/CMakeTmp

Run Build Command(s):/usr/bin/gmake -f Makefile cmTC_bd975/fast && /usr/bin/gmake  -f CMakeFiles/cmTC_bd975.dir/build.make CMakeFiles/cmTC_bd975.dir/build
gmake[1]: Entering directory '/home/flareon/workshop/ddsim/staticDebug/CMakeFiles/CMakeTmp'
Building CXX object CMakeFiles/cmTC_bd975.dir/src.cxx.o
/usr/bin/c++ -DHAVE_CXX_FLAG_WSHORTEN_64_TO_32  -std=c++11  -Wall  -Wextra  -Wshadow  -Wshorten-64-to-32   -Wshorten-64-to-32 -o CMakeFiles/cmTC_bd975.dir/src.cxx.o -c /home/flareon/workshop/ddsim/staticDebug/CMakeFiles/CMakeTmp/src.cxx
c++: error: unrecognized command-line option '-Wshorten-64-to-32'
c++: error: unrecognized command-line option '-Wshorten-64-to-32'
gmake[1]: *** [CMakeFiles/cmTC_bd975.dir/build.make:78: CMakeFiles/cmTC_bd975.dir/src.cxx.o] Error 1
gmake[1]: Leaving directory '/home/flareon/workshop/ddsim/staticDebug/CMakeFiles/CMakeTmp'
gmake: *** [Makefile:127: cmTC_bd975/fast] Error 2


Source file was:
int main() { return 0; }
Performing C++ SOURCE FILE Test HAVE_CXX_FLAG_WD654 failed with the following output:
Change Dir: /home/flareon/workshop/ddsim/staticDebug/CMakeFiles/CMakeTmp

Run Build Command(s):/usr/bin/gmake -f Makefile cmTC_25515/fast && /usr/bin/gmake  -f CMakeFiles/cmTC_25515.dir/build.make CMakeFiles/cmTC_25515.dir/build
gmake[1]: Entering directory '/home/flareon/workshop/ddsim/staticDebug/CMakeFiles/CMakeTmp'
Building CXX object CMakeFiles/cmTC_25515.dir/src.cxx.o
/usr/bin/c++ -DHAVE_CXX_FLAG_WD654  -std=c++11  -Wall  -Wextra  -Wshadow  -fstrict-aliasing  -Wno-deprecated-declarations  -Wstrict-aliasing  -wd654   -wd654 -o CMakeFiles/cmTC_25515.dir/src.cxx.o -c /home/flareon/workshop/ddsim/staticDebug/CMakeFiles/CMakeTmp/src.cxx
c++: error: unrecognized command-line option '-wd654'
c++: error: unrecognized command-line option '-wd654'
gmake[1]: *** [CMakeFiles/cmTC_25515.dir/build.make:78: CMakeFiles/cmTC_25515.dir/src.cxx.o] Error 1
gmake[1]: Leaving directory '/home/flareon/workshop/ddsim/staticDebug/CMakeFiles/CMakeTmp'
gmake: *** [Makefile:127: cmTC_25515/fast] Error 2


Source file was:
int main() { return 0; }
Performing C++ SOURCE FILE Test HAVE_CXX_FLAG_WTHREAD_SAFETY failed with the following output:
Change Dir: /home/flareon/workshop/ddsim/staticDebug/CMakeFiles/CMakeTmp

Run Build Command(s):/usr/bin/gmake -f Makefile cmTC_09e9f/fast && /usr/bin/gmake  -f CMakeFiles/cmTC_09e9f.dir/build.make CMakeFiles/cmTC_09e9f.dir/build
gmake[1]: Entering directory '/home/flareon/workshop/ddsim/staticDebug/CMakeFiles/CMakeTmp'
Building CXX object CMakeFiles/cmTC_09e9f.dir/src.cxx.o
/usr/bin/c++ -DHAVE_CXX_FLAG_WTHREAD_SAFETY  -std=c++11  -Wall  -Wextra  -Wshadow  -fstrict-aliasing  -Wno-deprecated-declarations  -Wstrict-aliasing  -Wthread-safety   -Wthread-safety -o CMakeFiles/cmTC_09e9f.dir/src.cxx.o -c /home/flareon/workshop/ddsim/staticDebug/CMakeFiles/CMakeTmp/src.cxx
c++: error: unrecognized command-line option '-Wthread-safety'
c++: error: unrecognized command-line option '-Wthread-safety'
gmake[1]: *** [CMakeFiles/cmTC_09e9f.dir/build.make:78: CMakeFiles/cmTC_09e9f.dir/src.cxx.o] Error 1
gmake[1]: Leaving directory '/home/flareon/workshop/ddsim/staticDebug/CMakeFiles/CMakeTmp'
gmake: *** [Makefile:127: cmTC_09e9f/fast] Error 2


Source file was:
int main() { return 0; }
